[    0.000000] Initializing cgroup subsys cpuset
[    0.000000] Initializing cgroup subsys cpu
[    0.000000] Initializing cgroup subsys cpuacct
[    0.000000] Linux version 4.4.0-210-generic (buildd@lgw01-amd64-009) (gcc version 5.4.0 20160609 (Ubuntu 5.4.0-6ubuntu1~16.04.12) ) #242-Ubuntu SMP Fri Apr 16 09:57:56 UTC 2021 (Ubuntu 4.4.0-210.242-generic 4.4.262)
[    0.000000] Command line: BOOT_IMAGE=/boot/vmlinuz-4.4.0-210-generic root=LABEL=cloudimg-rootfs ro console=tty1 console=ttyS0
[    0.000000] KERNEL supported cpus:
[    0.000000]   Intel GenuineIntel
[    0.000000]   AMD AuthenticAMD
[    0.000000]   Centaur CentaurHauls
[    0.000000] x86/fpu: xstate_offset[2]:  576, xstate_sizes[2]:  256
[    0.000000] x86/fpu: Supporting XSAVE feature 0x01: 'x87 floating point registers'
[    0.000000] x86/fpu: Supporting XSAVE feature 0x02: 'SSE registers'
[    0.000000] x86/fpu: Supporting XSAVE feature 0x04: 'AVX registers'
[    0.000000] x86/fpu: Enabled xstate features 0x7, context size is 832 bytes, using 'standard' format.
[    0.000000] e820: BIOS-provided physical RAM map:
[    0.000000] BIOS-e820: [mem 0x0000000000000000-0x000000000009fbff] usable
[    0.000000] BIOS-e820: [mem 0x000000000009fc00-0x000000000009ffff] reserved
[    0.000000] BIOS-e820: [mem 0x00000000000f0000-0x00000000000fffff] reserved
[    0.000000] BIOS-e820: [mem 0x0000000000100000-0x000000003ffeffff] usable
[    0.000000] BIOS-e820: [mem 0x000000003fff0000-0x000000003fffffff] ACPI data
[    0.000000] BIOS-e820: [mem 0x00000000fec00000-0x00000000fec00fff] reserved
[    0.000000] BIOS-e820: [mem 0x00000000fee00000-0x00000000fee00fff] reserved
[    0.000000] BIOS-e820: [mem 0x00000000fffc0000-0x00000000ffffffff] reserved
[    0.000000] NX (Execute Disable) protection: active
[    0.000000] SMBIOS 2.5 present.
[    0.000000] Hypervisor detected: KVM
[    0.000000] e820: last_pfn = 0x3fff0 max_arch_pfn = 0x400000000
[    0.000000] MTRR: Disabled
[    0.000000] x86/PAT: MTRRs disabled, skipping PAT initialization too.
[    0.000000] CPU MTRRs all blank - virtualized system.
[    0.000000] x86/PAT: Configuration [0-7]: WB  WT  UC- UC  WB  WT  UC- UC  
[    0.000000] found SMP MP-table at [mem 0x0009fff0-0x0009ffff] mapped at [ffff88000009fff0]
[    0.000000] Scanning 1 areas for low memory corruption
[    0.000000] RAMDISK: [mem 0x362de000-0x37166fff]
[    0.000000] ACPI: Early table checksum verification disabled
[    0.000000] ACPI: RSDP 0x00000000000E0000 000024 (v02 VBOX  )
[    0.000000] ACPI: XSDT 0x000000003FFF0030 00003C (v01 VBOX   VBOXXSDT 00000001 ASL  00000061)
[    0.000000] ACPI: FACP 0x000000003FFF00F0 0000F4 (v04 VBOX   VBOXFACP 00000001 ASL  00000061)
[    0.000000] ACPI: DSDT 0x000000003FFF0470 0022EA (v02 VBOX   VBOXBIOS 00000002 INTL 20100528)
[    0.000000] ACPI: FACS 0x000000003FFF0200 000040
[    0.000000] ACPI: FACS 0x000000003FFF0200 000040
[    0.000000] ACPI: APIC 0x000000003FFF0240 000054 (v02 VBOX   VBOXAPIC 00000001 ASL  00000061)
[    0.000000] ACPI: SSDT 0x000000003FFF02A0 0001CC (v01 VBOX   VBOXCPUT 00000002 INTL 20100528)
[    0.000000] No NUMA configuration found
[    0.000000] Faking a node at [mem 0x0000000000000000-0x000000003ffeffff]
[    0.000000] NODE_DATA(0) allocated [mem 0x3ffeb000-0x3ffeffff]
[    0.000000] kvm-clock: Using msrs 4b564d01 and 4b564d00
[    0.000000] kvm-clock: cpu 0, msr 0:3ffe3001, primary cpu clock
[    0.000000] kvm-clock: using sched offset of 5661811804 cycles
[    0.000000] clocksource: kvm-clock: mask: 0xffffffffffffffff max_cycles: 0x1cd42e4dffb, max_idle_ns: 881590591483 ns
[    0.000000] Zone ranges:
[    0.000000]   DMA      [mem 0x0000000000001000-0x0000000000ffffff]
[    0.000000]   DMA32    [mem 0x0000000001000000-0x000000003ffeffff]
[    0.000000]   Normal   empty
[    0.000000]   Device   empty
[    0.000000] Movable zone start for each node
[    0.000000] Early memory node ranges
[    0.000000]   node   0: [mem 0x0000000000001000-0x000000000009efff]
[    0.000000]   node   0: [mem 0x0000000000100000-0x000000003ffeffff]
[    0.000000] Initmem setup node 0 [mem 0x0000000000001000-0x000000003ffeffff]
[    0.000000] ACPI: PM-Timer IO Port: 0x4008
[    0.000000] IOAPIC[0]: apic_id 1, version 32, address 0xfec00000, GSI 0-23
[    0.000000] ACPI: INT_SRC_OVR (bus 0 bus_irq 0 global_irq 2 dfl dfl)
[    0.000000] ACPI: INT_SRC_OVR (bus 0 bus_irq 9 global_irq 9 low level)
[    0.000000] Using ACPI (MADT) for SMP configuration information
[    0.000000] smpboot: Allowing 1 CPUs, 0 hotplug CPUs
[    0.000000] PM: Registered nosave memory: [mem 0x00000000-0x00000fff]
[    0.000000] PM: Registered nosave memory: [mem 0x0009f000-0x0009ffff]
[    0.000000] PM: Registered nosave memory: [mem 0x000a0000-0x000effff]
[    0.000000] PM: Registered nosave memory: [mem 0x000f0000-0x000fffff]
[    0.000000] e820: [mem 0x40000000-0xfebfffff] available for PCI devices
[    0.000000] Booting paravirtualized kernel on KVM
[    0.000000] clocksource: refined-jiffies: mask: 0xffffffff max_cycles: 0xffffffff, max_idle_ns: 7645519600211568 ns
[    0.000000] setup_percpu: NR_CPUS:512 nr_cpumask_bits:512 nr_cpu_ids:1 nr_node_ids:1
[    0.000000] PERCPU: Embedded 33 pages/cpu @ffff88003fc00000 s95192 r8192 d31784 u2097152
[    0.000000] Built 1 zonelists in Node order, mobility grouping on.  Total pages: 257912
[    0.000000] Policy zone: DMA32
[    0.000000] Kernel command line: BOOT_IMAGE=/boot/vmlinuz-4.4.0-210-generic root=LABEL=cloudimg-rootfs ro console=tty1 console=ttyS0
[    0.000000] PID hash table entries: 4096 (order: 3, 32768 bytes)
[    0.000000] Memory: 997928K/1048120K available (8644K kernel code, 1332K rwdata, 4044K rodata, 1492K init, 1164K bss, 50192K reserved, 0K cma-reserved)
[    0.000000] SLUB: HWalign=64, Order=0-3, MinObjects=0, CPUs=1, Nodes=1
[    0.000000] Kernel/User page tables isolation: enabled
[    0.000000] Hierarchical RCU implementation.
[    0.000000] 	Build-time adjustment of leaf fanout to 64.
[    0.000000] 	RCU restricting CPUs from NR_CPUS=512 to nr_cpu_ids=1.
[    0.000000] RCU: Adjusting geometry for rcu_fanout_leaf=64, nr_cpu_ids=1
[    0.000000] NR_IRQS:33024 nr_irqs:256 16
[    0.000000] Console: colour VGA+ 80x25
[    0.000000] console [tty1] enabled
[    0.000000] console [ttyS0] enabled
[    0.000000] tsc: Detected 2904.004 MHz processor
[    0.366662] Calibrating delay loop (skipped) preset value.. 5808.00 BogoMIPS (lpj=11616016)
[    0.369892] pid_max: default: 32768 minimum: 301
[    0.374014] ACPI: Core revision 20150930
[    0.377889] ACPI: 2 ACPI AML tables successfully acquired and loaded
[    0.381922] Security Framework initialized
[    0.383291] Yama: becoming mindful.
[    0.384721] AppArmor: AppArmor initialized
[    0.387318] Dentry cache hash table entries: 131072 (order: 8, 1048576 bytes)
[    0.401042] Inode-cache hash table entries: 65536 (order: 7, 524288 bytes)
[    0.407135] Mount-cache hash table entries: 2048 (order: 2, 16384 bytes)
[    0.410016] Mountpoint-cache hash table entries: 2048 (order: 2, 16384 bytes)
[    0.417438] Initializing cgroup subsys io
[    0.419192] Initializing cgroup subsys memory
[    0.423809] Initializing cgroup subsys devices
[    0.426485] Initializing cgroup subsys freezer
[    0.428480] Initializing cgroup subsys net_cls
[    0.431436] Initializing cgroup subsys perf_event
[    0.433296] Initializing cgroup subsys net_prio
[    0.435028] Initializing cgroup subsys hugetlb
[    0.436776] Initializing cgroup subsys pids
[    0.443995] mce: CPU supports 0 MCE banks
[    0.445506] process: using mwait in idle threads
[    0.446933] Last level iTLB entries: 4KB 64, 2MB 8, 4MB 8
[    0.448485] Last level dTLB entries: 4KB 64, 2MB 0, 4MB 0, 1GB 4
[    0.451363] Spectre V1 : Mitigation: usercopy/swapgs barriers and __user pointer sanitization
[    0.455419] Spectre V2 : Mitigation: Full generic retpoline
[    0.458640] Spectre V2 : Spectre v2 / SpectreRSB mitigation: Filling RSB on context switch
[    0.462258] Speculative Store Bypass: Vulnerable
[    0.465056] SRBDS: Unknown: Dependent on hypervisor status
[    0.467403] MDS: Vulnerable: Clear CPU buffers attempted, no microcode
[    0.530492] Freeing SMP alternatives memory: 36K
[    0.548144] ftrace: allocating 32380 entries in 127 pages
[    0.714284] smpboot: APIC(0) Converting physical 0 to logical package 0
[    0.717064] smpboot: Max logical packages: 1
[    0.719130] x2apic enabled
[    0.720770] Switched APIC routing to physical x2apic.
[    0.725901] ..TIMER: vector=0x30 apic1=0 pin1=2 apic2=-1 pin2=-1
[    0.837775] smpboot: CPU0: Intel(R) Core(TM) i7-7500U CPU @ 2.70GHz (family: 0x6, model: 0x8e, stepping: 0x9)
[    0.843687] Performance Events: unsupported p6 CPU model 142 no PMU driver, software events only.
[    0.881094] KVM setup paravirtual spinlock
[    0.884271] x86: Booted up 1 node, 1 CPUs
[    0.885827] smpboot: Total of 1 processors activated (5808.00 BogoMIPS)
[    0.889280] devtmpfs: initialized
[    0.895985] evm: security.selinux
[    0.898556] evm: security.SMACK64
[    0.900440] evm: security.SMACK64EXEC
[    0.902284] evm: security.SMACK64TRANSMUTE
[    0.904022] evm: security.SMACK64MMAP
[    0.907205] evm: security.ima
[    0.908654] evm: security.capability
[    0.911594] clocksource: jiffies: mask: 0xffffffff max_cycles: 0xffffffff, max_idle_ns: 7645041785100000 ns
[    0.916174] futex hash table entries: 256 (order: 2, 16384 bytes)
[    0.918389] pinctrl core: initialized pinctrl subsystem
[    0.920336] RTC time: 21:47:41, date: 07/24/21
[    0.923298] NET: Registered protocol family 16
[    0.925149] cpuidle: using governor ladder
[    0.927934] cpuidle: using governor menu
[    0.929922] PCCT header not found.
[    0.932335] ACPI: bus type PCI registered
[    0.933860] acpiphp: ACPI Hot Plug PCI Controller Driver version: 0.5
[    0.935768] PCI: Using configuration type 1 for base access
[    0.941568] ACPI: Added _OSI(Module Device)
[    0.943834] ACPI: Added _OSI(Processor Device)
[    0.946873] ACPI: Added _OSI(3.0 _SCP Extensions)
[    0.949291] ACPI: Added _OSI(Processor Aggregator Device)
[    0.952670] ACPI: Executed 1 blocks of module-level executable AML code
[    0.966240] ACPI: Interpreter enabled
[    0.968434] ACPI: (supports S0 S5)
[    0.973662] ACPI: Using IOAPIC for interrupt routing
[    0.976162] PCI: Using host bridge windows from ACPI; if necessary, use "pci=nocrs" and report a bug
[    0.991304] ACPI: PCI Root Bridge [PCI0] (domain 0000 [bus 00-ff])
[    0.993728] acpi PNP0A03:00: _OSC: OS supports [ASPM ClockPM Segments MSI]
[    1.000107] acpi PNP0A03:00: _OSC: not requesting OS control; OS requires [ExtendedConfig ASPM ClockPM MSI]
[    1.003887] acpi PNP0A03:00: fail to add MMCONFIG information, can't access extended PCI configuration space under this bridge.
[    1.012885] PCI host bridge to bus 0000:00
[    1.015731] pci_bus 0000:00: root bus resource [io  0x0000-0x0cf7 window]
[    1.018409] pci_bus 0000:00: root bus resource [io  0x0d00-0xffff window]
[    1.020510] pci_bus 0000:00: root bus resource [mem 0x000a0000-0x000bffff window]
[    1.024460] pci_bus 0000:00: root bus resource [mem 0x40000000-0xfdffffff window]
[    1.028441] pci_bus 0000:00: root bus resource [bus 00-ff]
[    1.034996] pci 0000:00:01.1: legacy IDE quirk: reg 0x10: [io  0x01f0-0x01f7]
[    1.037184] pci 0000:00:01.1: legacy IDE quirk: reg 0x14: [io  0x03f6]
[    1.040348] pci 0000:00:01.1: legacy IDE quirk: reg 0x18: [io  0x0170-0x0177]
[    1.042856] pci 0000:00:01.1: legacy IDE quirk: reg 0x1c: [io  0x0376]
[    1.108655] pci 0000:00:07.0: quirk: [io  0x4000-0x403f] claimed by PIIX4 ACPI
[    1.115913] pci 0000:00:07.0: quirk: [io  0x4100-0x410f] claimed by PIIX4 SMB
[    1.145150] ACPI: PCI Interrupt Link [LNKA] (IRQs 5 9 10 *11)
[    1.150443] ACPI: PCI Interrupt Link [LNKB] (IRQs 5 9 *10 11)
[    1.153601] ACPI: PCI Interrupt Link [LNKC] (IRQs 5 *9 10 11)
[    1.157493] ACPI: PCI Interrupt Link [LNKD] (IRQs 5 9 10 *11)
[    1.164029] ACPI: Enabled 2 GPEs in block 00 to 07
[    1.167296] vgaarb: setting as boot device: PCI:0000:00:02.0
[    1.169399] vgaarb: device added: PCI:0000:00:02.0,decodes=io+mem,owns=io+mem,locks=none
[    1.174566] vgaarb: loaded
[    1.175785] vgaarb: bridge control possible 0000:00:02.0
[    1.179759] SCSI subsystem initialized
[    1.181822] ACPI: bus type USB registered
[    1.183552] usbcore: registered new interface driver usbfs
[    1.185707] usbcore: registered new interface driver hub
[    1.189005] usbcore: registered new device driver usb
[    1.191389] PCI: Using ACPI for IRQ routing
[    1.195603] NetLabel: Initializing
[    1.198177] NetLabel:  domain hash size = 128
[    1.199935] NetLabel:  protocols = UNLABELED CIPSOv4
[    1.201634] NetLabel:  unlabeled traffic allowed by default
[    1.203817] amd_nb: Cannot enumerate AMD northbridges
[    1.206565] clocksource: Switched to clocksource kvm-clock
[    1.234166] AppArmor: AppArmor Filesystem Enabled
[    1.235990] pnp: PnP ACPI init
[    1.240575] pnp: PnP ACPI: found 3 devices
[    1.257048] clocksource: acpi_pm: mask: 0xffffff max_cycles: 0xffffff, max_idle_ns: 2085701024 ns
[    1.262749] NET: Registered protocol family 2
[    1.266383] TCP established hash table entries: 8192 (order: 4, 65536 bytes)
[    1.269200] TCP bind hash table entries: 8192 (order: 5, 131072 bytes)
[    1.272014] TCP: Hash tables configured (established 8192 bind 8192)
[    1.274385] UDP hash table entries: 512 (order: 2, 16384 bytes)
[    1.277849] UDP-Lite hash table entries: 512 (order: 2, 16384 bytes)
[    1.281098] NET: Registered protocol family 1
[    1.282663] pci 0000:00:00.0: Limiting direct PCI/PCI transfers
[    1.284786] pci 0000:00:01.0: Activating ISA DMA hang workarounds
[    1.289739] Unpacking initramfs...
[    1.906644] Freeing initrd memory: 14884K
[    1.912671] clocksource: tsc: mask: 0xffffffffffffffff max_cycles: 0x29dc09beef1, max_idle_ns: 440795310252 ns
[    1.918500] platform rtc_cmos: registered platform RTC device (no PNP device found)
[    1.924450] Scanning for low memory corruption every 60 seconds
[    1.937035] audit: initializing netlink subsys (disabled)
[    1.941200] audit: type=2000 audit(1627163268.942:1): initialized
[    1.944796] Initialise system trusted keyring
[    1.947082] HugeTLB registered 2 MB page size, pre-allocated 0 pages
[    1.951919] zbud: loaded
[    1.953587] VFS: Disk quotas dquot_6.6.0
[    1.956636] VFS: Dquot-cache hash table entries: 512 (order 0, 4096 bytes)
[    1.960465] squashfs: version 4.0 (2009/01/31) Phillip Lougher
[    1.964196] fuse init (API version 7.23)
[    1.966574] Key type big_key registered
[    1.968286] Allocating IMA MOK and blacklist keyrings.
[    1.972619] Key type asymmetric registered
[    1.974044] Asymmetric key parser 'x509' registered
[    1.975859] Block layer SCSI generic (bsg) driver version 0.4 loaded (major 249)
[    1.978432] io scheduler noop registered
[    1.980094] io scheduler deadline registered (default)
[    1.983778] io scheduler cfq registered
[    1.985625] pci_hotplug: PCI Hot Plug PCI Core version: 0.5
[    1.988278] pciehp: PCI Express Hot Plug Controller Driver version: 0.4
[    1.991206] ACPI: AC Adapter [AC] (on-line)
[    1.994570] input: Power Button as /devices/LNXSYSTM:00/LNXPWRBN:00/input/input0
[    1.999496] ACPI: Power Button [PWRF]
[    2.000950] input: Sleep Button as /devices/LNXSYSTM:00/LNXSLPBN:00/input/input1
[    2.005632] ACPI: Sleep Button [SLPF]
[    2.008792] ACPI: Battery Slot [BAT0] (battery present)
[    2.011754] GHES: HEST is not enabled!
[    2.013939] Serial: 8250/16550 driver, 32 ports, IRQ sharing enabled
 	
 !"#$%&'()*+,-./0123456789:;<=>?@ABCDEFGHIJKLMNOPQRSTUVWXYZ[\]^_`abcdefghijklmnopqrstuvwxyz{|}~ÄÅÇÉÑÖÜáàâäãåçéèêëíìîïñóòôöõúùûü†°¢£§•¶ß®©™´¨≠ÆØ∞±≤≥¥µ∂∑∏π∫ªºΩæø¿¡¬√ƒ≈∆«»… ÀÃÕŒœ–—“”‘’÷◊ÿŸ⁄€‹›ﬁﬂ‡·‚„‰ÂÊÁËÈÍÎÏÌÓÔÒÚÛÙıˆ˜¯˘˙˚¸˝˛ˇ[    2.043358] 00:02: ttyS0 at I/O 0x3f8 (irq = 4, base_baud = 115200) is a 16550A
[    2.050994] Linux agpgart interface v0.103
[    2.055754] loop: module loaded
[    2.058533] scsi host0: ata_piix
[    2.060323] scsi host1: ata_piix
[    2.062224] ata1: PATA max UDMA/33 cmd 0x1f0 ctl 0x3f6 bmdma 0xd000 irq 14
[    2.066247] ata2: PATA max UDMA/33 cmd 0x170 ctl 0x376 bmdma 0xd008 irq 15
[    2.070288] libphy: Fixed MDIO Bus: probed
[    2.073278] tun: Universal TUN/TAP device driver, 1.6
[    2.075415] tun: (C) 1999-2004 Max Krasnyansky <maxk@qualcomm.com>
[    2.078414] PPP generic driver version 2.4.2
[    2.081180] ehci_hcd: USB 2.0 'Enhanced' Host Controller (EHCI) Driver
[    2.083795] ehci-pci: EHCI PCI platform driver
[    2.085729] ehci-platform: EHCI generic platform driver
[    2.088857] ohci_hcd: USB 1.1 'Open' Host Controller (OHCI) Driver
[    2.091515] ohci-pci: OHCI PCI platform driver
[    2.095459] ohci-platform: OHCI generic platform driver
[    2.098252] uhci_hcd: USB Universal Host Controller Interface driver
[    2.100602] i8042: PNP: PS/2 Controller [PNP0303:PS2K,PNP0f03:PS2M] at 0x60,0x64 irq 1,12
[    2.109778] serio: i8042 KBD port at 0x60,0x64 irq 1
[    2.114360] serio: i8042 AUX port at 0x60,0x64 irq 12
[    2.117329] mousedev: PS/2 mouse device common for all mice
[    2.120425] input: AT Translated Set 2 keyboard as /devices/platform/i8042/serio0/input/input2
[    2.127256] rtc_cmos rtc_cmos: rtc core: registered rtc_cmos as rtc0
[    2.130286] rtc_cmos rtc_cmos: alarms up to one day, 114 bytes nvram
[    2.133396] i2c /dev entries driver
[    2.134885] device-mapper: uevent: version 1.0.3
[    2.136830] device-mapper: ioctl: 4.34.0-ioctl (2015-10-28) initialised: dm-devel@redhat.com
[    2.141585] ledtrig-cpu: registered to indicate activity on CPUs
[    2.147113] NET: Registered protocol family 10
[    2.149665] NET: Registered protocol family 17
[    2.151134] Key type dns_resolver registered
[    2.153233] registered taskstats version 1
[    2.156675] Loading compiled-in X.509 certificates
[    2.162909] Loaded X.509 cert 'Build time autogenerated kernel key: cf00e047681d67edb2720680708b7d9498083038'
[    2.168565] zswap: loaded using pool lzo/zbud
[    2.175008] Key type trusted registered
[    2.186450] Key type encrypted registered
[    2.190685] AppArmor: AppArmor sha1 policy hashing enabled
[    2.197048] ima: No TPM chip found, activating TPM-bypass!
[    2.200723] ima: Allocated hash algorithm: sha1
[    2.203343] evm: HMAC attrs: 0x1
[    2.207778]   Magic number: 13:275:804
[    2.210114] rtc_cmos rtc_cmos: setting system clock to 2021-07-24 21:47:42 UTC (1627163262)
[    2.214214] BIOS EDD facility v0.16 2004-Jun-25, 0 devices found
[    2.217255] EDD information not available.
[    2.224871] Freeing unused kernel memory: 1492K
[    2.228096] Write protecting the kernel read-only data: 14336k
[    2.232152] Freeing unused kernel memory: 1584K
[    2.234756] Freeing unused kernel memory: 52K
Loading, please wait...
starting version 229
[    2.270241] random: udevadm: uninitialized urandom read (16 bytes read, 5 bits of entropy available)
[    2.275832] random: systemd-udevd: uninitialized urandom read (16 bytes read, 5 bits of entropy available)
[    2.283145] random: systemd-udevd: uninitialized urandom read (16 bytes read, 5 bits of entropy available)
[    2.289238] random: udevadm: uninitialized urandom read (16 bytes read, 5 bits of entropy available)
[    2.297782] random: systemd-udevd: uninitialized urandom read (16 bytes read, 5 bits of entropy available)
[    2.303017] random: systemd-udevd: uninitialized urandom read (16 bytes read, 5 bits of entropy available)
[    2.325974] random: systemd-udevd: uninitialized urandom read (16 bytes read, 5 bits of entropy available)
[    2.334594] random: systemd-udevd: uninitialized urandom read (16 bytes read, 5 bits of entropy available)
[    2.340907] random: udevadm: uninitialized urandom read (16 bytes read, 5 bits of entropy available)
[    2.346633] random: systemd-udevd: uninitialized urandom read (16 bytes read, 5 bits of entropy available)
[    2.542412] e1000: Intel(R) PRO/1000 Network Driver - version 7.3.21-k8-NAPI
[    2.545647] e1000: Copyright (c) 1999-2006 Intel Corporation.
[    2.565674] Fusion MPT base driver 3.04.20
[    2.567563] Copyright (c) 1999-2008 LSI Corporation
[    2.652271] Fusion MPT SPI Host driver 3.04.20
[    2.730550] AVX2 version of gcm_enc/dec engaged.
[    2.732743] AES CTR mode by8 optimization enabled
[    2.797613] input: ImExPS/2 Generic Explorer Mouse as /devices/platform/i8042/serio1/input/input4
[    3.309639] e1000 0000:00:03.0 eth0: (PCI:33MHz:32-bit) 02:0f:93:65:62:e0
[    3.313633] e1000 0000:00:03.0 eth0: Intel(R) PRO/1000 Network Connection
[    3.316469] mptbase: ioc0: Initiating bringup
[    3.395034] ioc0: LSI53C1030 A0: Capabilities={Initiator}
[    3.556407] scsi host2: ioc0: LSI53C1030 A0, FwRev=00000000h, Ports=1, MaxQ=256, IRQ=20
[    3.674492] scsi 2:0:0:0: Direct-Access     VBOX     HARDDISK         1.0  PQ: 0 ANSI: 5
[    3.684336] scsi target2:0:0: Beginning Domain Validation
[    3.690085] scsi target2:0:0: Domain Validation skipping write tests
[    3.693338] scsi target2:0:0: Ending Domain Validation
[    3.695185] scsi target2:0:0: asynchronous
[    3.697645] scsi 2:0:1:0: Direct-Access     VBOX     HARDDISK         1.0  PQ: 0 ANSI: 5
[    3.707834] scsi target2:0:1: Beginning Domain Validation
[    3.757273] scsi target2:0:1: Domain Validation skipping write tests
[    3.761755] scsi target2:0:1: Ending Domain Validation
[    3.776047] scsi target2:0:1: asynchronous
[    3.873422] sd 2:0:0:0: [sda] 83886080 512-byte logical blocks: (42.9 GB/40.0 GiB)
[    3.908406] sd 2:0:0:0: Attached scsi generic sg0 type 0
[    3.911253] sd 2:0:1:0: [sdb] 20480 512-byte logical blocks: (10.5 MB/10.0 MiB)
[    3.915821] sd 2:0:1:0: Attached scsi generic sg1 type 0
[    3.918411] sd 2:0:1:0: [sdb] Write Protect is off
[    3.923180] sd 2:0:1:0: [sdb] Incomplete mode parameter data
[    3.925259] sd 2:0:1:0: [sdb] Assuming drive cache: write through
[    3.963173] sd 2:0:0:0: [sda] Write Protect is off
[    3.974381] sd 2:0:0:0: [sda] Incomplete mode parameter data
[    3.977588] sd 2:0:0:0: [sda] Assuming drive cache: write through
[    4.005000] sd 2:0:1:0: [sdb] Attached SCSI disk
[    4.014285]  sda: sda1
[    4.022875] sd 2:0:0:0: [sda] Attached SCSI disk
[    4.834732] e1000 0000:00:08.0 eth1: (PCI:33MHz:32-bit) 08:00:27:ab:97:2a
[    4.839581] e1000 0000:00:08.0 eth1: Intel(R) PRO/1000 Network Connection
[    4.844772] e1000 0000:00:08.0 enp0s8: renamed from eth1
[    4.855283] e1000 0000:00:03.0 enp0s3: renamed from eth0
Begin: Loading essential drivers ... [    6.537582] md: linear personality registered for level -1
[    6.543739] md: multipath personality registered for level -4
[    6.549907] md: raid0 personality registered for level 0
[    6.558232] md: raid1 personality registered for level 1
[    6.635043] raid6: sse2x1   gen()  7550 MB/s
[    6.702728] raid6: sse2x1   xor()  6033 MB/s
[    6.770980] raid6: sse2x2   gen()  9364 MB/s
[    6.838787] raid6: sse2x2   xor()  6853 MB/s
[    6.906691] raid6: sse2x4   gen() 10197 MB/s
[    6.974588] raid6: sse2x4   xor()  7083 MB/s
[    7.043041] raid6: avx2x1   gen() 14450 MB/s
[    7.110909] raid6: avx2x2   gen() 17191 MB/s
[    7.178744] raid6: avx2x4   gen() 17442 MB/s
[    7.180186] raid6: using algorithm avx2x4 gen() 17442 MB/s
[    7.181402] raid6: using avx2x2 recovery algorithm
[    7.184430] xor: automatically using best checksumming function:
[    7.222748]    avx       : 21362.000 MB/sec
[    7.227611] async_tx: api initialized (async)
[    7.251011] md: raid6 personality registered for level 6
[    7.254508] md: raid5 personality registered for level 5
[    7.258234] md: raid4 personality registered for level 4
[    7.276182] md: raid10 personality registered for level 10
done.
Begin: Running /scripts/init-premount ... done.
Begin: Mounting root file system ... Begin: Running /scripts/local-top ... done.
Begin: Running /scripts/local-premount ... [    7.322938] Btrfs loaded
Scanning for Btrfs filesystems
done.
Warning: fsck not present, so skipping root file system
[    7.390838] EXT4-fs (sda1): mounted filesystem with ordered data mode. Opts: (null)
done.
Begin: Running /scripts/local-bottom ... done.
Begin: Running /scripts/init-bottom ... done.
[    7.556686] systemd[1]: systemd 229 running in system mode. (+PAM +AUDIT +SELINUX +IMA +APPARMOR +SMACK +SYSVINIT +UTMP +LIBCRYPTSETUP +GCRYPT +GNUTLS +ACL +XZ -LZ4 +SECCOMP +BLKID +ELFUTILS +KMOD -IDN)
[    7.562077] systemd[1]: Detected virtualization oracle.
[    7.566124] systemd[1]: Detected architecture x86-64.

Welcome to [1mUbuntu 16.04.7 LTS[0m!

[    7.573163] systemd[1]: Set hostname to <ubuntu>.
[    7.577125] systemd[1]: Initializing machine ID from random generator.
[    7.579093] systemd[1]: Installed transient /etc/machine-id file.
[    7.821682] random: nonblocking pool is initialized
[    7.856331] systemd[1]: Listening on fsck to fsckd communication Socket.
[[0;32m  OK  [0m] Listening on fsck to fsckd communication Socket.
[    7.859510] systemd[1]: Reached target Encrypted Volumes.
[[0;32m  OK  [0m] Reached target Encrypted Volumes.
[    7.862369] systemd[1]: Listening on Journal Socket (/dev/log).
[[0;32m  OK  [0m] Listening on Journal Socket (/dev/log).
[    7.865279] systemd[1]: Started Trigger resolvconf update for networkd DNS.
[[0;32m  OK  [0m] Started Trigger resolvconf update for networkd DNS.
[    7.867935] systemd[1]: Reached target System Time Synchronized.
[[0;32m  OK  [0m] Reached target System Time Synchronized.
[    7.872204] systemd[1]: Started Forward Password Requests to Wall Directory Watch.
[[0;32m  OK  [0m] Started Forward Password Requests to Wall Directory Watch.
[    7.876365] systemd[1]: Listening on LVM2 poll daemon socket.
[[0;32m  OK  [0m] Listening on LVM2 poll daemon socket.
[    7.879116] systemd[1]: Listening on Syslog Socket.
[[0;32m  OK  [0m] Listening on Syslog Socket.
[    7.882340] systemd[1]: Reached target Swap.
[[0;32m  OK  [0m] Reached target Swap.
[    7.884588] systemd[1]: Reached target User and Group Name Lookups.
[[0;32m  OK  [0m] Reached target User and Group Name Lookups.
[    7.887956] systemd[1]: Listening on udev Control Socket.
[[0;32m  OK  [0m] Listening on udev Control Socket.
[    7.891232] systemd[1]: Set up automount Arbitrary Executable File Formats File System Automount Point.
[[0;32m  OK  [0m] Set up automount Arbitrary Executab...ats File System Automount Point.
[    7.895445] systemd[1]: Listening on Journal Audit Socket.
[[0;32m  OK  [0m] Listening on Journal Audit Socket.
[    7.898391] systemd[1]: Listening on /dev/initctl Compatibility Named Pipe.
[[0;32m  OK  [0m] Listening on /dev/initctl Compatibility Named Pipe.
[    7.901374] systemd[1]: Created slice User and Session Slice.
[[0;32m  OK  [0m] Created slice User and Session Slice.
[    7.905296] systemd[1]: Listening on Device-mapper event daemon FIFOs.
[[0;32m  OK  [0m] Listening on Device-mapper event daemon FIFOs.
[    7.909042] systemd[1]: Listening on LVM2 metadata daemon socket.
[[0;32m  OK  [0m] Listening on LVM2 metadata daemon socket.
[    7.912122] systemd[1]: Listening on udev Kernel Socket.
[[0;32m  OK  [0m] Listening on udev Kernel Socket.
[    7.915282] systemd[1]: Created slice System Slice.
[[0;32m  OK  [0m] Created slice System Slice.
[    7.918031] systemd[1]: Created slice system-serial\x2dgetty.slice.
[[0;32m  OK  [0m] Created slice system-serial\x2dgetty.slice.
[    7.921367] systemd[1]: Reached target Slices.
[[0;32m  OK  [0m] Reached target Slices.
[    7.924418] systemd[1]: Listening on Journal Socket.
[[0;32m  OK  [0m] Listening on Journal Socket.
[    7.931933] systemd[1]: Starting Monitoring of LVM2 mirrors, snapshots etc. using dmeventd or progress polling...
         Starting Monitoring of LVM2 mirrors... dmeventd or progress polling...
[    7.938090] systemd[1]: Starting Nameserver information manager...
         Starting Nameserver information manager...
[    7.948488] systemd[1]: Starting File System Check on Root Device...
         Starting File System Check on Root Device...
[    7.955965] systemd[1]: Mounting Debug File System...
         Mounting Debug File System...
[    7.971708] systemd[1]: Mounting POSIX Message Queue File System...
         Mounting POSIX Message Queue File System...
[    7.977847] systemd[1]: Mounting Huge Pages File System...
         Mounting Huge Pages File System...
[    7.988458] systemd[1]: Starting Journal Service...
         Starting Journal Service...
[    7.998111] systemd[1]: Starting Create list of required static device nodes for the current kernel...
         Starting Create list of required st... nodes for the current kernel...
[    8.019514] systemd[1]: Starting Load Kernel Modules...
         Starting Load Kernel Modules...
[    8.029889] systemd[1]: Starting Uncomplicated firewall...
         Starting Uncomplicated firewall...
[    8.040257] systemd[1]: Starting Set console keymap...
         Starting Set console keymap...
[    8.054554] systemd[1]: Mounted Huge Pages File System.
[[0;32m  OK  [0m] Mounted Huge Pages File System.
[    8.063026] systemd[1]: Mounted Debug File System.
[[0;32m  OK  [0m] Mounted Debug File System.
[    8.071011] systemd[1]: Mounted POSIX Message Queue File System.
[[0;32m  OK  [0m] [    8.076075] Loading iSCSI transport class v2.0-870.
Mounted POSIX Message Queue File System.
[    8.093025] systemd[1]: Started File System Check on Root Device.
[[0;32m  OK  [0m] Started File System Check on Root Device.
[    8.104916] systemd[1]: Started Create list of required static device nodes for the current kernel.
[[0;32m  OK  [0m] Started Create list of required sta...ce nodes for the current kernel.
[    8.116276] systemd[1]: Started Uncomplicated firewall.
[[0;32m  OK  [0m] Started Uncomplicated firewall.
[    8.127630] systemd[1]: Started Nameserver information manager.
[[0;32m  OK  [0m] Started Nameserver information manager.
[    8.141448] systemd[1]: Started Journal Service.
[    8.152968] iscsi: registered transport (tcp)
[[0;32m  OK  [0m] Started Journal Service.
[[0;32m  OK  [0m] Started LVM2 metadata daemon.
[[0;32m  OK  [0m] Started File System Check Daemon to report status.
         Starting Create Static Device Nodes in /dev...
         Starting Remount Root and Kernel File Systems...
[    8.212117] EXT4-fs (sda1): re-mounted. Opts: (null)
[[0;32m  OK  [0m] Started Remount Root and Kernel File Systems.
         Starting udev Coldplug all Devices...
         Starting Flush Journal to Persistent Storage...
         Starting Load/Save Random Seed...
[[0;32m  OK  [0m] Started Create Static Device Nodes in /dev.
         Starting udev Kernel Device Manager...
[    8.282573] systemd-journald[384]: Received request to flush runtime journal from PID 1
[[0;32m  OK  [0m] Started Load/Save Random Seed.
[[0;32m  OK  [0m] Started Flush Journal to Persistent Storage.
[[0;32m  OK  [0m] Started udev Kernel Device Manager.
[    8.356696] iscsi: registered transport (iser)
[[0;32m  OK  [0m] Started Load Kernel Modules.
         Starting Apply Kernel Variables...
         Mounting FUSE Control File System...
[[0;32m  OK  [0m] Mounted FUSE Control File System.
[[0;32m  OK  [0m] Started Apply Kernel Variables.
[[0;32m  OK  [0m] Started Set console keymap.
[[0;32m  OK  [0m] Started Monitoring of LVM2 mirrors,...ng dmeventd or progress polling.
[[0;32m  OK  [0m] Reached target Local File Systems (Pre).
[[0;32m  OK  [0m] Reached target Local File Systems.
         Starting Create Volatile Files and Directories...
         Starting LSB: AppArmor initialization...
         Starting Commit a transient machine-id on disk...
         Starting Tell Plymouth To Write Out Runtime Data...
         Starting Initial cloud-init job (pre-networking)...
         Starting Set console font and keymap...
[[0;32m  OK  [0m] Started Commit a transient machine-id on disk.
[[0;32m  OK  [0m] Started Tell Plymouth To Write Out Runtime Data.
[[0;32m  OK  [0m] Started Create Volatile Files and Directories.
         Starting Update UTMP about System Boot/Shutdown...
[[0;32m  OK  [0m] Started Update UTMP about System Boot/Shutdown.
[[0;32m  OK  [0m] Started udev Coldplug all Devices.
[[0;32m  OK  [0m] Started Dispatch Password Requests to Console Directory Watch.
[[0;32m  OK  [0m] Found device /dev/ttyS0.
[[0;32m  OK  [0m] Listening on Load/Save RF Kill Switch Status /dev/rfkill Watch.
[[0;32m  OK  [0m] Started Set console font and keymap.
[[0;32m  OK  [0m] Created slice system-getty.slice.
[   13.325251] cloud-init[500]: Cloud-init v. 21.1-19-gbad84ad4-0ubuntu1~16.04.2 running 'init-local' at Sat, 24 Jul 2021 21:47:51 +0000. Up 10.82 seconds.
[[0;32m  OK  [0m] Started Initial cloud-init job (pre-networking).
[[0;32m  OK  [0m] Reached target Network (Pre).
[[0;32m  OK  [0m] Started LSB: AppArmor initialization.
         Starting Load AppArmor profiles managed internally by snapd...
         Starting Raise network interfaces...
[[0;32m  OK  [0m] Started Load AppArmor profiles managed internally by snapd.
[[0;32m  OK  [0m] Started Raise network interfaces.
         Starting Initial cloud-init job (metadata service crawler)...
[[0;32m  OK  [0m] Reached target Network.
[   16.438443] cloud-init[964]: Cloud-init v. 21.1-19-gbad84ad4-0ubuntu1~16.04.2 running 'init' at Sat, 24 Jul 2021 21:47:55 +0000. Up 15.01 seconds.
[   16.442851] cloud-init[964]: ci-info: ++++++++++++++++++++++++++++++++++++++Net device info++++++++++++++++++++++++++++++++++++++
[   16.449543] cloud-init[964]: ci-info: +--------+-------+---------------------------+---------------+--------+-------------------+
[   16.460556] cloud-init[964]: ci-info: | Device |   Up  |          Address          |      Mask     | Scope  |     Hw-Address    |
[   16.462180] cloud-init[964]: ci-info: +--------+-------+---------------------------+---------------+--------+-------------------+
[   16.469097] cloud-init[964]: ci-info: | enp0s3 |  True |         10.0.2.15         | 255.255.255.0 | global | 02:0f:93:65:62:e0 |
[   16.470675] cloud-init[964]: ci-info: | enp0s3 |  True | fe80::f:93ff:fe65:62e0/64 |       .       |  link  | 02:0f:93:65:62:e0 |
[   16.485201] cloud-init[964]: ci-info: | enp0s8 | False |             .             |       .       |   .    | 08:00:27:ab:97:2a |
[   16.501689] cloud-init[964]: ci-info: |   lo   |  True |         127.0.0.1         |   255.0.0.0   |  host  |         .         |
[   16.518592] cloud-init[964]: ci-info: |   lo   |  True |          ::1/128          |       .       |  host  |         .         |
[   16.525732] cloud-init[964]: ci-info: +--------+-------+---------------------------+---------------+--------+-------------------+
[   16.537450] cloud-init[964]: ci-info: +++++++++++++++++++++++++++Route IPv4 info++++++++++++++++++++++++++++
[   16.543214] cloud-init[964]: ci-info: +-------+-------------+----------+---------------+-----------+-------+
[   16.545408] cloud-init[964]: ci-info: | Route | Destination | Gateway  |    Genmask    | Interface | Flags |
[   16.576193] cloud-init[964]: ci-info: +-------+-------------+----------+---------------+-----------+-------+
[   16.578179] cloud-init[964]: ci-info: |   0   |   0.0.0.0   | 10.0.2.2 |    0.0.0.0    |   enp0s3  |   UG  |
[   16.587814] cloud-init[964]: ci-info: |   1   |   10.0.2.0  | 0.0.0.0  | 255.255.255.0 |   enp0s3  |   U   |
[   16.604762] cloud-init[964]: ci-info: +-------+-------------+----------+---------------+-----------+-------+
[   16.626309] cloud-init[964]: ci-info: +++++++++++++++++++Route IPv6 info+++++++++++++++++++
[   16.640990] cloud-init[964]: ci-info: +-------+-------------+---------+-----------+-------+
[   16.643357] cloud-init[964]: ci-info: | Route | Destination | Gateway | Interface | Flags |
[   16.653107] cloud-init[964]: ci-info: +-------+-------------+---------+-----------+-------+
[   16.655979] cloud-init[964]: ci-info: |   0   |  fe80::/64  |    ::   |   enp0s3  |   U   |
[   16.661541] cloud-init[964]: ci-info: |   3   |   ff00::/8  |    ::   |   enp0s3  |   U   |
[   16.670050] cloud-init[[0;32m  OK  [0m] Started Initial cloud-init job (metadata service crawler).
[[964]: ci-info: +-------+-------------+---------+-----------+-------+
[   16.677389] cloud-init[964]: Generating public/private rsa key pair.
[   16.678287] cloud-init[964]: Your identification has been saved in /etc/ssh/ssh_host_rsa_key.
[   16.679612] cloud-init[964]: [0;32m  OK  [0m] Reached target Cloud-config availability.
Your public key has been saved in /etc/ssh/ssh_host_rsa_key.pub.
[   16.694046] cloud-init[964]: The key fingerprint is:
[   16.695392] cloud-init[964]: SHA256:Lg01Tp6lpzKxYugcX1W9WSWnHt6XYsF/Ck1aMJBiT7s root@ubuntu-xenial[[0;32m  OK  [0m] Reached target Network is Online.
         Starting iSCSI initiator daemon (iscsid)...
[[0;32m  OK  [0m
[   16.707156] cloud-init[964]: The key's randomart image is:] Reached target System Initialization.
         Starting Socket activation for snappy daemon.
[[0;32m  OK  [0m] Listening on UUID daemon activation socket.

[[0;32m  OK  [0m] Started Ubuntu Advantage update messaging.
[[0;32m  OK  [0m] Listening on D-Bus System Message Bus Socket.
[   16.726685] cloud-init[964]: +---[RSA 2048]----+
[   16.729057] cloud-init[964]: |          .oo . o|
[[0;32m  OK  [0m] Started Daily apt download activities.
[   16.735566] cloud-init[[0;32m  OK  [0m] Started Daily apt upgrade and clean activities.
[[0;32m  OK  [0m] Started Message of the Day.
[[0;32m  OK  [0m] Started Daily Cleanup of Temporary Directories.
[[0;32m  OK  [0m] Reached target Timers.
[964]: |        o o..o = |
[[0;32m  OK  [0m] Listening on ACPID Listen Socket.
[   16.745304] cloud-init[[964]: |       .++o..o*  |
[0;32m  OK  [0m] Started ACPI Events Check.
[[0;32m  OK  [0m] Reached target Paths.
         Starting LXD - unix socket.
[   16.770186] cloud-init[964]: |       = *o  @oo.|
[   16.773912] cloud-init[964]: |      o S ..=o+o+|
[[0;32m  OK  [0m] Listening on Socket activation for snappy daemon.
[   16.780821] cloud-init[964]: |   .   B oE ....o|
[   16.791357] [[0;32m  OK  [0m] Listening on LXD - unix socket.
[[0;32m  OK  [0m] Reached target Sockets.
[[0;32m  OK  [0m] Reached target Basic System.
cloud-init[964]: |  o o * +     .  |
[[0;32m  OK  [0m] Started Regular background program processing daemon.
[[0;32m  OK  [0m] Started Deferred execution scheduler.[   16.835886] cloud-init[964]: 
         Starting Login Service...
| o + o +         |
[[0;32m  OK  [0m] Started ACPI event daemon.
         Starting LSB: Record successful boot for GRUB...
         Starting Accounts Service...[   16.878391] cloud-init[964]: |  o .            |

         Starting Virtualbox guest utils...
         Starting LSB: MD monitoring daemon...
[[0;32m  OK  [0m] Started D-Bus System Message Bus.
[   16.880041] cloud-init[964]: +----[SHA256]-----+
[   16.993094] cloud-init[964]: Generating public/private dsa key pair.
[   17.017306] cloud-init[964]: Your identification has been saved in /etc/ssh/ssh_host_dsa_key.
[   17.042627] cloud-init[964]: Your public key has been saved in /etc/ssh/ssh_host_dsa_key.pub.
[   17.052473] cloud-init[964]: The key fingerprint is:
[   17.062064] cloud-init[964]: SHA256:i828hqPGquIwRc7tXJLZmEb6Px5VgoLwZvch8hObHPo root@ubuntu-xenial
[   17.076803] cloud-init[964]: The key's randomart image is:
[   17.080605] cloud-init[964]: +---[DSA 1024]----+
         Starting Pollinate to seed the pseudo random number generator...
         Starting LXD - container startup/shutdown...[   17.159531] cloud-init[964]: |.                |
         Starting /etc/rc.local Compatibility...
[[0;32m  OK  [0m] Started FUSE filesystem for LXC.
         
[   17.209921] Starting System Logging Service...
cloud-init[964]:          Starting Snap Daemon...| o .   .         |
[   17.245144] cloud-init[964]: |  B B o . .      |

[[0;32m  OK  [0m] Started iSCSI initiator daemon (iscsid).
[[0;32m  OK  [0m] Started /etc/rc.local Compatibility.
[   17.309932] cloud-init[964]: | * X # . o       |
[   17.358813] cloud-init[964]: |  * # + S        |
         Starting Login to default iSCSI targets...
[   17.421141] cloud-init[964]: | . * + * .       |
[[0;32m  OK  [0m] Started Login Service.
[[0;32m  OK  [0m] Started System Logging Service.
[   17.456981] cloud-init[964]: |o  .E o.=        |
         Starting Authenticate and Authorize Users to Run Privileged Tasks...[   17.491381] cloud-init[964]: |o.  o.+...       |
[   17.498634] 
[[0;32m  OK  [0m] Started Unattended Upgrades Shutdown.
[[0;32m  OK  [0m] Started LSB: Record successful boot for GRUB.
cloud-init[964]: |+o.o.oo+.        |
[[0;32m  OK  [0m] Started Login to default iSCSI targets.
[[0;32m  OK  [0m] Reached target Remote File Systems (Pre).
[   17.618066] cloud-init[964]: +----[SHA256]-----+
[[0;32m  OK  [0m] Reached target Remote File Systems.
         Starting Permit User Sessions...
[   17.646621]          Starting LSB: daemon to balance interrupts for SMP systems...
         Starting LSB: Set the CPU Frequency Scaling governor to "ondemand"...
         Starting LSB: automatic crash report generation...
[[0;32m  OK  [0m] Started Permit User Sessions.
cloud-init[964]: Generating public/private ecdsa key pair.
         Starting Terminate Plymouth Boot Screen...
         Starting Hold until boot process finishes up...
[[0;32m  OK  [0m] Started LSB: MD monitoring daemon.
[[0;32m  OK  [0m] Started Terminate Plymouth Boot Screen.
[[0;32m  OK  [0m] Started Hold until boot process finishes up.
[[0;32m  OK  [0m] Started Serial Getty on ttyS0.[   17.942358] cloud-init[964]: Your identification has been saved in /etc/ssh/ssh_host_ecdsa_key.

[[0;32m  OK  [0m] Started Getty on tty1.
[[0;32m  OK  [0m] Reached target Login Prompts.
         Starting Set console scheme...
[   18.008799] cloud-init[964]: Your public key has been saved in /etc/ssh/ssh_host_ecdsa_key.pub.
[[0;32m  OK  [0m] Started Set console scheme.
[   18.034918] cloud-init[964]: The key fingerprint is:
[   18.058439] cloud-init[964]: SHA256:9wQi/+mwr19ouB1ZQgwSnF5rwvRqPR/H7unORKJ22k8 root@ubuntu-xenial
[   18.132270] cloud-init[964]: The key's randomart image is:
[[0;32m  OK  [0m] Started LSB: automatic crash report generation.
[   18.171705] cloud-init[964]: +---[ECDSA 256]---+
[[0;32m  OK  [0m] Started LSB: Set the CPU Frequency Scaling governor to "ondemand".
[   18.194260] cloud-init[964]: |     .oo.        |
[   18.210038] cloud-init[964]: |      +..o       |
[   18.241593] cloud-init[964]: |     +.o..+      |[[0;32m  OK  [0m] Started Authenticate and Authorize Users to Run Privileged Tasks.

[   18.322885] cloud-init[964]: |      +o+o .     |
[[0;32m  OK  [0m] Started Accounts Service.
[   18.335239] cloud-init[964]: [[0;32m  OK  [0m] Started LSB: daemon to balance interrupts for SMP systems.|       =S +.+    |

[   18.394286] cloud-init[964]: |      o o=.@o    |
[   18.526254] cloud-init[964]: |     .  =oO+E    |
[   18.567585] cloud-init[964]: |       . @.*..   |
[   18.574771] cloud-init[964]: |        =+*=B    |
[   18.593401] cloud-init[964]: +----[SHA256]-----+
[[0;32m  OK  [0m] Started LXD - container startup/shutdown.
[[0;32m  OK  [0m] Started Virtualbox guest utils.
[   18.607589] cloud-init[964]: Generating public/private ed25519 key pair.
[   18.784934] cloud-init[964]: Your identification has been saved in /etc/ssh/ssh_host_ed25519_key.
[   18.811634] cloud-init[964]: Your public key has been saved in /etc/ssh/ssh_host_ed25519_key.pub.
[   18.835953] cloud-init[964]: The key fingerprint is:
[   18.876642] cloud-init[964]: SHA256:aM5Zy2N1dqj59kvLx3Pa/6N0kZReJPkQIWn9PvMAmlw root@ubuntu-xenial
[   19.000663] cloud-init[964]: The key's randomart image is:
[   19.004961] cloud-init[964]: +--[ED25519 256]--+
[   19.009332] cloud-init[964]: |            .o++.|
[   19.039744] cloud-init[964]: |            o.+o.|
[   19.047153] cloud-init[964]: |           .   *.|
[   19.072964] cloud-init[964]: |       .    E.o =|
[   19.076897] cloud-init[964]: |      o S..++..= |
[   19.125508] cloud-init[964]: |     + + o+= ..oo|
[   19.129027] cloud-init[964]: |      + = o  ..++|
[   19.141645] cloud-init[964]: |       . . .oo.==|
[   19.156558] cloud-init[964]: |           ..oB+X|
[   19.163368] cloud-init[964]: +----[SHA256]-----+
[[0;32m  OK  [0m] Started Pollinate to seed the pseudo random number generator.
         Starting OpenBSD Secure Shell server...
[[0;32m  OK  [0m] Started OpenBSD Secure Shell server.
[[0;32m  OK  [0m] Started Snap Daemon.
         Starting Wait until snapd is fully seeded...
[[0;32m  OK  [0m] Created slice User Slice of vagrant.
         Starting User Manager for UID 1000...
[[0;32m  OK  [0m] Started Session 1 of user vagrant.
[[0;32m  OK  [0m] Started User Manager for UID 1000.

Ubuntu 16.04.7 LTS ubuntu-xenial ttyS0

ubuntu-xenial login: [   26.459159] cloud-init[1401]: Generating locales (this might take a while)...
[   30.353142] cloud-init[1401]:   en_US.UTF-8... done
[   30.357123] cloud-init[1401]: Generation complete.
[   31.395909] cloud-init[1401]: Cloud-init v. 21.1-19-gbad84ad4-0ubuntu1~16.04.2 running 'modules:config' at Sat, 24 Jul 2021 21:48:06 +0000. Up 25.77 seconds.
ci-info: no authorized SSH keys fingerprints found for user ubuntu.
<14>Jul 24 21:48:13 ec2: 
<14>Jul 24 21:48:13 ec2: #############################################################
<14>Jul 24 21:48:13 ec2: -----BEGIN SSH HOST KEY FINGERPRINTS-----
<14>Jul 24 21:48:13 ec2: 1024 SHA256:i828hqPGquIwRc7tXJLZmEb6Px5VgoLwZvch8hObHPo root@ubuntu-xenial (DSA)
<14>Jul 24 21:48:13 ec2: 256 SHA256:9wQi/+mwr19ouB1ZQgwSnF5rwvRqPR/H7unORKJ22k8 root@ubuntu-xenial (ECDSA)
<14>Jul 24 21:48:13 ec2: 256 SHA256:aM5Zy2N1dqj59kvLx3Pa/6N0kZReJPkQIWn9PvMAmlw root@ubuntu-xenial (ED25519)
<14>Jul 24 21:48:13 ec2: 2048 SHA256:Lg01Tp6lpzKxYugcX1W9WSWnHt6XYsF/Ck1aMJBiT7s root@ubuntu-xenial (RSA)
<14>Jul 24 21:48:13 ec2: -----END SSH HOST KEY FINGERPRINTS-----
<14>Jul 24 21:48:13 ec2: #############################################################
-----BEGIN SSH HOST KEY KEYS-----
ecdsa-sha2-nistp256 AAAAE2VjZHNhLXNoYTItbmlzdHAyNTYAAAAIbmlzdHAyNTYAAABBBJ3IgY82rkpHgCORFCrEFroAVnM/pcZjPaJRehhEs5u55IkmWTVtmr6N0K/cxZnUKmDg/FP+m0YzfsA/wVbl/Vo= root@ubuntu-xenial
ssh-ed25519 AAAAC3NzaC1lZDI1NTE5AAAAIGxPGVogNcF0cLxzunyksssNjIyF+wlWziqn3pm+Bewa root@ubuntu-xenial
ssh-rsa AAAAB3NzaC1yc2EAAAADAQABAAABAQDTc0g34aqHZp5iCD8wslEeutLzeU0gSe/yIX4Gg7MNa74z4l5CJALZVPGbw1owl6e7VuTTGqMCNUHyEDVOwy9lLeA/BcZy7z6LTQ11KKXR2S4iVb9WdwM32VIi+l//OJFEub931P0gxAWu2Chew2ywnTFMAwW2P/xjqW5XULgocrNq5B8jqmym1E6CMDypjcZ47La6KSi1UDyLzSr63yFN/qKgSk2/5AyihlCpRVYRQqb/GOzDhUaseTgIQDYm6OIHxNRoppfQEeKNXhk3FeKkQVUvTFIalBXHhchHnaBG+JjIOu8X81bSHJvQObkWWnhaqvuLfiLCJbCWtSNAnd/d root@ubuntu-xenial
-----END SSH HOST KEY KEYS-----
[   32.910145] cloud-init[1589]: Cloud-init v. 21.1-19-gbad84ad4-0ubuntu1~16.04.2 running 'modules:final' at Sat, 24 Jul 2021 21:48:13 +0000. Up 32.36 seconds.
[   32.912893] cloud-init[1589]: ci-info: no authorized SSH keys fingerprints found for user ubuntu.
[   32.934304] cloud-init[1589]: Cloud-init v. 21.1-19-gbad84ad4-0ubuntu1~16.04.2 finished at Sat, 24 Jul 2021 21:48:13 +0000. Datasource DataSourceNoCloud [seed=/dev/sdb][dsmode=net].  Up 32.88 seconds
